accounts.google.com
accounts.youtube.com
ai.ytimg.com
c.youtube.com
gdata.youtube.com
ggpht.cn
ggpht.com
google.com
googleapis.com
googleusercontent.com
googlevideo.com
gstatic.com
gvt1.com
i.ytimg.com
i1.ytimg.com
i2.ytimg.com
i3.ytimg.com
i4.ytimg.com
i9.ytimg.com
img.youtube.com
jnn-pa.googleapis.com
lh3.googleusercontent.com
lh5.googleusercontent.com
m.youtube.com
manifest.googlevideo.com
play.googleapis.com
redirector.googlevideo.com
s.ytimg.com
ssl.gstatic.com
wide-youtube.l.google.com
youtube-nocookie.com
youtube-tv.com
youtube.com
youtube.googleapis.com
youtube-ui.l.google.com
youtubeeducation.com
youtubeembeddedplayer.googleapis.com
youtubei.googleapis.com
youtu.be
yt.be
yt3.ggpht.com
yt3.googleusercontent.com
yt4.ggpht.com
ytimg.com
ytimg.l.google.com
4pda.to
a-msedge.net
akamaized.net
anthropic.com
anydesk.com
appcenter.ms
auth0.com
azureedge.net
bing.com
bingapis.com
byspotify.com
canva-apps.com
canva.com
cdn-telegram.org
cdninstagram.com
chatgpt.com
claude.ai
claude.com
claudeusercontent.com
comments.app
contest.com
deepseek.com
dis.gd
disboard.org
discord-activities.com
discord.center
discord.co
discord.com
discord.design
discord.dev
discord.gg
discord.gift
discord.gifts
discord.me
discord.media
discord.new
discord.st
discord.store
discord.tools
discordactivities.com
discordapp.com
discordapp.io
discordapp.net
discordbee.com
discordbotlist.com
discordcdn.com
discordexpert.com
discordhome.com
discordhub.com
discordInvites.net
discordlist.me
discordlist.space
discordmerch.com
discordpartygames.com
discords.com
discordsays.com
discordservers.com
discordstatus.com
discordtop.com
disforge.com
dyno.gg
facebook.com
facebook.com.es
facebook.com.vn
facebook.fr
facebook.net
fast.com
fb.com
fb.me
fbcdn.com
fbcdn.net
fbsbx.com
femeretes.org
findAdiscord.com
fragment.com
github.com
githubcopilot.com
githubusercontent.com
gpt3-openai.com
graph.org
grok.com
hdrezka.ac
hdrezka.ag
hdrezka.cm
ig.me
instagram.com
intercom.io
intercomassets.com
intercomcdn.com
internalfb.com
licdn.com
live.net
lostfilm.download
lostfilm.run
lostfilm.tv
lostfilm.win
mee6.xyz
messenger.com
meta.com
microsoft.com
microsoftapp.net
netflix.ca
netflix.com
netflix.com.au
netflix.net
netflixdnstest1.com
netflixdnstest2.com
netflixdnstest3.com
netflixdnstest4.com
netflixdnstest5.com
netflixdnstest6.com
netflixdnstest7.com
netflixdnstest8.com
netflixdnstest9.com
netflixdnstest10.com
netflixinvestor.com
netflixstudios.com
netflixtechblog.com
nflxext.com
nflximg.com
nflximg.net
nflxsearch.net
nflxso.net
nflxvideo.net
nnmclub.to
nnmstatic.win
oaistatic.com
oaiusercontent.com
oculus.com
onetrust.com
openai.com
openai.fund
openai.org
pscdn.co
quiz.directory
returnyoutubedislikeapi.com
rezka.ag
rezka.my
rezkify.com
rutor.info
rutor.is
rutor.org
rutracker.cc
rutracker.net
rutracker.org
rutracker.ru
rutracker.wiki
rutrk.org
scdn.co
serv01001.xyz
spoti.fi
spotify-everywhere.com
spotify.com
spotify.design
spotifycdn.com
spotifycdn.net
spotifycharts.com
spotifycodes.com
spotifyforbrands.com
spotifyjobs.com
statichdrezka.ac
t-ru.org
t.co
t.me
tdesktop.com
telega.one
telegra.ph
telegram-cdn.org
telegram.dog
telegram.me
telegram.org
telegram.space
telesco.pe
tfbnw.net
tg.dev
thefacebook.com
threads.net
ton.org
top.gg
tweetdeck.com
twimg.com
twitter.com
tx.me
usercontent.dev
voidboost.cc
voidboost.com
voidboost.in
voidnetwork.cloud
wa.me
whatsapp-plus.info
whatsapp-plus.me
whatsapp-plus.net
whatsapp.biz
whatsapp.cc
whatsapp.com
whatsapp.info
whatsapp.net
whatsapp.org
whatsapp.tv
whatsappbrand.com
withyoutube.com
wl.co
x.ai
x.com
youtubefanfest.com
youtubegaming.com
youtubego.co.id
youtubego.co.in
youtubego.com
youtubego.com.br
youtubego.id
youtubego.in
youtubekids.com
youtubemobilesupport.com
adservice.google.com
android.clients.google.com
doubleclick.net
googleadservices.com
oauth2.googleapis.com
pagead2.googlesyndication.com
rr1---sn-*.googlevideo.com
rr2---sn-*.googlevideo.com
www.youtube.com
tv.youtube.com
androidtvwatsonfe-pa.googleapis.com
clients1.google.com
clients2.google.com
clients3.google.com
clients4.google.com
clients5.google.com
clients6.google.com
connectivitycheck.gstatic.com
mtalk.google.com
firebaseinstallations.googleapis.com
firebaseremoteconfig.googleapis.com
fcm.googleapis.com
fcmregistrations.googleapis.com
fonts.gstatic.com
fonts.googleapis.com
www.gstatic.com
apis.google.com
ogs.google.com
www.googleapis.com
