4pda.to
a-msedge.net
accounts.google.com
accounts.youtube.com
ads.youtube.com
adservice.google.com
ai.ytimg.com
akamaized.net
android.clients.google.com
androidtvwatsonfe-pa.googleapis.com
anthropic.com
anydesk.com
apis.google.com
appcenter.ms
auth0.com
azureedge.net
bing.com
bingapis.com
byspotify.com
c.youtube.com
canva-apps.com
canva.com
cdn-telegram.org
cdninstagram.com
chatgpt.com
claude.ai
claude.com
claudeusercontent.com
clients.l.google.com
clients1.google.com
clients2.google.com
clients3.google.com
clients4.google.com
clients5.google.com
clients6.google.com
comments.app
connectivitycheck.gstatic.com
contest.com
deepseek.com
dis.gd
disboard.org
discord-activities.com
discord.center
discord.co
discord.com
discord.design
discord.dev
discord.gg
discord.gift
discord.gifts
discord.me
discord.media
discord.new
discord.st
discord.store
discord.tools
discordInvites.net
discordactivities.com
discordapp.com
discordapp.io
discordapp.net
discordbee.com
discordbotlist.com
discordcdn.com
discordexpert.com
discordhome.com
discordhub.com
discordlist.me
discordlist.space
discordmerch.com
discordpartygames.com
discords.com
discordsays.com
discordservers.com
discordstatus.com
discordtop.com
disforge.com
dl.google.com
doubleclick.net
dyno.gg
facebook.com
facebook.com.es
facebook.com.vn
facebook.fr
facebook.net
fast.com
fb.com
fb.me
fbcdn.com
fbcdn.net
fbsbx.com
fcm.googleapis.com
fcmregistrations.googleapis.com
femeretes.org
findAdiscord.com
firebaseinstallations.googleapis.com
firebaseremoteconfig.googleapis.com
fonts.googleapis.com
fonts.gstatic.com
fragment.com
yt3.googleusercontent.com
gdata.youtube.com
ggpht.cn
ggpht.com
github.com
githubcopilot.com
githubusercontent.com
google.com
googleadservices.com
googleapis.com
googleapis.l.google.com
googleusercontent.com
googlevideo.com
gpt3-openai.com
graph.org
grok.com
gstatic.com
gvt1.com
hdrezka.ac
hdrezka.ag
hdrezka.cm
i.ytimg.com
i1.ytimg.com
i2.ytimg.com
i3.ytimg.com
i4.ytimg.com
i5.ytimg.com
i6.ytimg.com
i7.ytimg.com
i8.ytimg.com
i9.ytimg.com
ig.me
img.youtube.com
instagram.com
intercom.io
intercomassets.com
intercomcdn.com
internalfb.com
jnn-pa.googleapis.com
lh3.googleusercontent.com
lh5.googleusercontent.com
licdn.com
live.net
lostfilm.download
lostfilm.run
lostfilm.tv
lostfilm.win
m.youtube.com
manifest.googlevideo.com
mee6.xyz
messenger.com
meta.com
microsoft.com
microsoftapp.net
mtalk.google.com
netflix.ca
netflix.com
netflix.com.au
netflix.net
netflixdnstest1.com
netflixdnstest10.com
netflixdnstest2.com
netflixdnstest3.com
netflixdnstest4.com
netflixdnstest5.com
netflixdnstest6.com
netflixdnstest7.com
netflixdnstest8.com
netflixdnstest9.com
netflixinvestor.com
netflixstudios.com
netflixtechblog.com
nflxext.com
nflximg.com
nflximg.net
nflxsearch.net
nflxso.net
nflxvideo.net
nnmclub.to
nnmstatic.win
oaistatic.com
oaiusercontent.com
oauth2.googleapis.com
oculus.com
ogs.google.com
onetrust.com
openai.com
openai.fund
openai.org
pagead2.googlesyndication.com
play.google.com
play.googleapis.com
pscdn.co
quiz.directory
r2---sn--n5pbvoj5caxu8-nboz.google
r3---sn--h557snl6.googlevideo
redirector.googlevideo.com
redirector.gvt1.com
returnyoutubedislikeapi.com
rezka.ag
rezka.my
rezkify.com
rr1---sn-*.googlevideo.com
rr2---sn-*.googlevideo.com
rr4---sn-aigl6nl7.googlevideo.com
rr5---sn-aigl6nsr.googlevideo.com
rutor.info
rutor.is
rutor.org
rutracker.cc
rutracker.net
rutracker.org
rutracker.ru
rutracker.wiki
rutrk.org
s.youtube.com
s.ytimg.com
s2.youtube.com
scdn.co
serv01001.xyz
spoti.fi
spotify-everywhere.com
spotify.com
spotify.design
spotifycdn.com
spotifycdn.net
spotifycharts.com
spotifycodes.com
spotifyforbrands.com
spotifyjobs.com
ssl.gstatic.com
static.doubleclick.net
statichdrezka.ac
suggestqueries.google.com
suggestqueries.youtube.com
t-ru.org
t.co
t.me
tdesktop.com
telega.one
telegra.ph
telegram-cdn.org
telegram.dog
telegram.me
telegram.org
telegram.space
telesco.pe
tfbnw.net
tg.dev
thefacebook.com
threads.net
ton.org
top.gg
tv.youtube.com
tweetdeck.com
twimg.com
twitter.com
tx.me
usercontent.dev
video-stats.l.google.com
video.google.com
voidboost.cc
voidboost.com
voidboost.in
voidnetwork.cloud
wa.me
whatsapp-plus.info
whatsapp-plus.me
whatsapp-plus.net
whatsapp.biz
whatsapp.cc
whatsapp.com
whatsapp.info
whatsapp.net
whatsapp.org
whatsapp.tv
whatsappbrand.com
wide-youtube.l.google.com
withyoutube.com
wl.co
www.google.com
www.googleapis.com
www.gstatic.com
www.youtube.com
x.ai
x.com
youtu.be
youtube
youtube-nocookie.com
youtube-tv.com
youtube-ui.l.google.com
youtube.ae
youtube.al
youtube.am
youtube.at
youtube.az
youtube.ba
youtube.be
youtube.bg
youtube.bh
youtube.bo
youtube.by
youtube.ca
youtube.cat
youtube.ch
youtube.cl
youtube.co
youtube.co.ae
youtube.co.at
youtube.co.cr
youtube.co.hu
youtube.co.id
youtube.co.il
youtube.co.in
youtube.co.jp
youtube.co.ke
youtube.co.kr
youtube.co.ma
youtube.co.nz
youtube.co.th
youtube.co.tz
youtube.co.ug
youtube.co.uk
youtube.co.ve
youtube.co.za
youtube.co.zw
youtube.com
youtube.com.ar
youtube.com.au
youtube.com.az
youtube.com.bd
youtube.com.bh
youtube.com.bo
youtube.com.br
youtube.com.by
youtube.com.co
youtube.com.do
youtube.com.ec
youtube.com.ee
youtube.com.eg
youtube.com.es
youtube.com.gh
youtube.com.gr
youtube.com.gt
youtube.com.hk
youtube.com.hn
youtube.com.hr
youtube.com.jm
youtube.com.jo
youtube.com.kw
youtube.com.lb
youtube.com.lv
youtube.com.ly
youtube.com.mk
youtube.com.mt
youtube.com.mx
youtube.com.my
youtube.com.ng
youtube.com.ni
youtube.com.om
youtube.com.pa
youtube.com.pe
youtube.com.ph
youtube.com.pk
youtube.com.pt
youtube.com.py
youtube.com.qa
youtube.com.ro
youtube.com.sa
youtube.com.sg
youtube.com.sv
youtube.com.tn
youtube.com.tr
youtube.com.tw
youtube.com.ua
youtube.com.uy
youtube.com.ve
youtube.cr
youtube.cz
youtube.de
youtube.dk
youtube.ee
youtube.es
youtube.fi
youtube.fr
youtube.ge
youtube.googleapis.com
youtube.gr
youtube.gt
youtube.hk
youtube.hr
youtube.hu
youtube.ie
youtube.in
youtube.iq
youtube.is
youtube.it
youtube.jo
youtube.jp
youtube.kr
youtube.kz
youtube.la
youtube.lk
youtube.lt
youtube.lu
youtube.lv
youtube.ly
youtube.ma
youtube.md
youtube.me
youtube.mk
youtube.mn
youtube.mx
youtube.my
youtube.ng
youtube.ni
youtube.nl
youtube.no
youtube.pa
youtube.pe
youtube.ph
youtube.pk
youtube.pl
youtube.pr
youtube.pt
youtube.qa
youtube.ro
youtube.rs
youtube.ru
youtube.sa
youtube.se
youtube.sg
youtube.si
youtube.sk
youtube.sn
youtube.soy
youtube.sv
youtube.tn
youtube.tv
youtube.ua
youtube.ug
youtube.uy
youtube.vn
youtubeeducation.com
youtubeembeddedplayer.googleapis.com
youtubefanfest.com
youtubegaming.com
youtubego.co.id
youtubego.co.in
youtubego.com
youtubego.com.br
youtubego.id
youtubego.in
youtubei.googleapis.com
youtubekids.com
youtubemobilesupport.com
yt.be
yt1.ggpht.com
yt2.ggpht.com
yt3.ggpht.com
yt3.googleusercontent.com
yt4.ggpht.com
ytimg.com
ytimg.l.google.com
firebaseinstallations-pa.googleapis.com
