4pda.to
a-msedge.net
akamaized.net
anthropic.com
anydesk.com
appcenter.ms
auth0.com
azureedge.net
bing.com
bingapis.com
byspotify.com
canva-apps.com
canva.com
cdn-telegram.org
cdninstagram.com
chatgpt.com
claude.ai
claude.com
claudeusercontent.com
comments.app
contest.com
deepseek.com
dis.gd
disboard.org
discord-activities.com
discord.center
discord.co
discord.com
discord.design
discord.dev
discord.gg
discord.gift
discord.gifts
discord.me
discord.media
discord.new
discord.st
discord.store
discord.tools
discordactivities.com
discordapp.com
discordapp.io
discordapp.net
discordbee.com
discordbotlist.com
discordcdn.com
discordexpert.com
discordhome.com
discordhub.com
discordInvites.net
discordlist.me
discordlist.space
discordmerch.com
discordpartygames.com
discords.com
discordsays.com
discordservers.com
discordstatus.com
discordtop.com
disforge.com
dyno.gg
facebook.com
facebook.com.es
facebook.com.vn
facebook.fr
facebook.net
fast.com
fb.com
fb.me
fbcdn.com
fbcdn.net
fbsbx.com
femeretes.org
findAdiscord.com
fragment.com
ggpht.cn
ggpht.com
github.com
githubcopilot.com
githubusercontent.com
google.com
googleapis.com
googleusercontent.com
googlevideo.com
gpt3-openai.com
graph.org
grok.com
gstatic.com
gvt1.com
hdrezka.ac
hdrezka.ag
hdrezka.cm
ig.me
instagram.com
intercom.io
intercomassets.com
intercomcdn.com
internalfb.com
licdn.com
live.net
lostfilm.download
lostfilm.run
lostfilm.tv
lostfilm.win
mee6.xyz
messenger.com
meta.com
microsoft.com
microsoftapp.net
netflix.ca
netflix.com
netflix.com.au
netflix.net
netflixdnstest1.com
netflixdnstest10.com
netflixdnstest2.com
netflixdnstest3.com
netflixdnstest4.com
netflixdnstest5.com
netflixdnstest6.com
netflixdnstest7.com
netflixdnstest8.com
netflixdnstest9.com
netflixinvestor.com
netflixstudios.com
netflixtechblog.com
nflxext.com
nflximg.com
nflximg.net
nflxsearch.net
nflxso.net
nflxvideo.net
nnmclub.to
nnmstatic.win
oaistatic.com
oaiusercontent.com
oculus.com
onetrust.com
openai.com
openai.fund
openai.org
pscdn.co
quiz.directory
returnyoutubedislikeapi.com
rezka.ag
rezka.my
rezkify.com
rutor.info
rutor.is
rutor.org
rutracker.cc
rutracker.net
rutracker.org
rutracker.ru
rutracker.wiki
rutrk.org
scdn.co
serv01001.xyz
spoti.fi
spotify-everywhere.com
spotify.com
spotify.design
spotifycdn.com
spotifycdn.net
spotifycharts.com
spotifycodes.com
spotifyforbrands.com
spotifyjobs.com
statichdrezka.ac
t-ru.org
t.co
t.me
tdesktop.com
telega.one
telegra.ph
telegram-cdn.org
telegram.dog
telegram.me
telegram.org
telegram.space
telesco.pe
tfbnw.net
tg.dev
thefacebook.com
threads.net
ton.org
top.gg
tweetdeck.com
twimg.com
twitter.com
tx.me
usercontent.dev
voidboost.cc
voidboost.com
voidboost.in
voidnetwork.cloud
wa.me
whatsapp-plus.info
whatsapp-plus.me
whatsapp-plus.net
whatsapp.biz
whatsapp.cc
whatsapp.com
whatsapp.info
whatsapp.net
whatsapp.org
whatsapp.tv
whatsappbrand.com
wide-youtube.l.google.com
withyoutube.com
wl.co
x.ai
x.com
youtu.be
youtube-nocookie.com
youtube.googleapis.com
youtube-ui.l.google.com
youtubeeducation.com
youtubeembeddedplayer.googleapis.com
youtubefanfest.com
youtubegaming.com
youtubego.co.id
youtubego.co.in
youtubego.com
youtubego.com.br
youtubego.id
youtubego.in
youtubei.googleapis.com
youtubekids.com
youtubemobilesupport.com
yt.be
yt3.googleusercontent.com
ytimg.com
accounts.google.com
adservice.google.com
android.clients.google.com
doubleclick.net
googleadservices.com
i.ytimg.com
oauth2.googleapis.com
pagead2.googlesyndication.com
play.googleapis.com
redirector.googlevideo.com
rr1---sn-*.googlevideo.com
rr2---sn-*.googlevideo.com
s.ytimg.com
ssl.gstatic.com
yt3.ggpht.com
yt4.ggpht.com
ytimg.l.google.com
youtube-tv.com
accounts.google.com
oauth2.googleapis.com
play.googleapis.com
redirector.googlevideo.com
ssl.gstatic.com
wide-youtube.l.google.com
youtube-ui.l.google.com
youtube.googleapis.com
youtubeembeddedplayer.googleapis.com
youtubei.googleapis.com
yt3.googleusercontent.com
yt3.ggpht.com
yt4.ggpht.com
i.ytimg.com
s.ytimg.com
ytimg.l.google.com
youtube-tv.com
